../Core/Src/main.c:97:5:main	64	static
../Core/Src/main.c:196:6:SystemClock_Config	120	static
../Core/Src/main.c:244:13:MX_ADC1_Init	32	static
../Core/Src/main.c:310:13:MX_USART1_UART_Init	8	static
../Core/Src/main.c:343:13:MX_DMA_Init	16	static
../Core/Src/main.c:361:13:MX_GPIO_Init	40	static
../Core/Src/main.c:391:6:calibration	56	static
../Core/Src/main.c:419:6:weighing	8	static,ignoring_inline_asm
../Core/Src/main.c:432:6:sendUSART1weighing	24	static
../Core/Src/main.c:452:6:sendUSART1int	48	static
../Core/Src/main.c:469:6:sendUSART1char	56	static
../Core/Src/main.c:492:6:receiveUSART1	8	static
../Core/Src/main.c:501:1:HAL_GPIO_EXTI_Callback	16	static
../Core/Src/main.c:523:6:StartDefaultTask	16	static
../Core/Src/main.c:542:6:HAL_TIM_PeriodElapsedCallback	16	static
../Core/Src/main.c:559:6:Error_Handler	4	static,ignoring_inline_asm
