../Core/Src/main.c:101:5:main	64	static
../Core/Src/main.c:202:6:SystemClock_Config	120	static
../Core/Src/main.c:250:13:MX_ADC1_Init	32	static
../Core/Src/main.c:316:13:MX_USART1_UART_Init	8	static
../Core/Src/main.c:349:13:MX_DMA_Init	16	static
../Core/Src/main.c:367:13:MX_GPIO_Init	40	static
../Core/Src/main.c:400:6:calibration	120	static
../Core/Src/main.c:458:6:weighing	8	static,ignoring_inline_asm
../Core/Src/main.c:472:6:sendUSART1weighing	24	static
../Core/Src/main.c:489:6:sendUSART1int	48	static
../Core/Src/main.c:506:6:sendUSART1char	56	static
../Core/Src/main.c:525:6:receiveUSART1	8	static
../Core/Src/main.c:534:1:HAL_GPIO_EXTI_Callback	16	static
../Core/Src/main.c:556:6:StartDefaultTask	16	static
../Core/Src/main.c:575:6:HAL_TIM_PeriodElapsedCallback	16	static
../Core/Src/main.c:592:6:Error_Handler	4	static,ignoring_inline_asm
