../Core/Src/stm32f3xx_it.c:71:6:NMI_Handler	4	static
../Core/Src/stm32f3xx_it.c:86:6:HardFault_Handler	4	static
../Core/Src/stm32f3xx_it.c:101:6:MemManage_Handler	4	static
../Core/Src/stm32f3xx_it.c:116:6:BusFault_Handler	4	static
../Core/Src/stm32f3xx_it.c:131:6:UsageFault_Handler	4	static
../Core/Src/stm32f3xx_it.c:146:6:DebugMon_Handler	4	static
../Core/Src/stm32f3xx_it.c:166:6:EXTI2_TSC_IRQHandler	8	static
../Core/Src/stm32f3xx_it.c:185:6:EXTI3_IRQHandler	8	static
../Core/Src/stm32f3xx_it.c:199:6:DMA1_Channel1_IRQHandler	8	static
../Core/Src/stm32f3xx_it.c:213:6:TIM2_IRQHandler	8	static
../Core/Src/stm32f3xx_it.c:227:6:EXTI15_10_IRQHandler	8	static
